Processing file: 1
Type: number

--- Lowering to MIR ---
fn lambda$0(__env, x) {
  bb0:
    _t1 = __env + 0
    _t0 = *_t1
    _t3 = __env + 8
    _t2 = *_t3
    _t6 = 3
    store _t6 -> _t0
    _t5 = ()
    _t8 = x
    _t9 = *_t0
    _t7 = _t8 + _t9
    _t10 = *_t2
    _t4 = _t7 + _t10
    return _t4
}

fn main() {
  bb0:
    _t1 = 1
    _t2 = 2
    _t3 = 4
    _t5 = heap_alloc 8 bytes (shared_var)
    store _t2 -> _t5
    _t6 = heap_alloc 8 bytes (shared_var)
    store _t3 -> _t6
    _t7 = heap_alloc 16 bytes (closure_env)
    _t8 = _t7 + 0
    store _t5 -> _t8
    _t9 = _t7 + 8
    store _t6 -> _t9
    _t4 = struct Closure { function_ptr = fn:lambda$0 env_ptr = _t7 }
    _t11 = _t4
    _t12 = 5
    _t13 = _t11.function_ptr
    _t14 = _t11.env_ptr
    _t15 = _t14 == 0
    branch _t15 ? bb1 : bb2
  bb1:
    _t10 = call _t13(_t12)
    goto -> bb3
  bb2:
    _t10 = call _t13(_t14, _t12)
    goto -> bb3
  bb3:
    _t17 = 1
    _t18 = 1
    _t16 = struct A { a = _t17 b = _t18 }
    _t20 = 1
    _t21 = 1
    _t19 = struct A { a = _t20 b = _t21 }
    _t23 = 1
    _t24 = 1
    _t22 = struct A { b = _t24 a = _t23 }
    _t26 = 1
    _t27 = 1
    _t25 = struct A { a = _t26 b = _t27 }
    _t29 = 1
    _t30 = 1
    _t28 = struct A { a = _t29 b = _t30 }
    _t32 = 1
    _t33 = 1
    _t31 = struct A { a = _t32 b = _t33 }
    _t35 = 1
    _t36 = 1
    _t34 = struct A { b = _t36 a = _t35 }
    _t38 = 1
    _t39 = 1
    _t37 = struct A { a = _t38 b = _t39 }
    _t41 = 1
    _t42 = 1
    _t40 = struct A { a = _t41 b = _t42 }
    _t44 = 1
    _t45 = 1
    _t43 = struct A { b = _t45 a = _t44 }
    _t0 = *_t5
    return _t0
}



--- Lowering to LIR ---
function lambda$0 (stack_frame: 0):
L0:
  mov r0, r1
  mov r1, r2
L2:
  add r2, r0, #0
  mov r3, [r2]
  add r4, r0, #8
  mov r5, [r4]
  mov r7, #3
  store64 [r3], r7
  mov r8, #0
  mov r9, r1
  mov r10, [r3]
  add r11, r9, r10
  mov r12, [r5]
  add r13, r11, r12
  ret r13

function main (stack_frame: 0):
L1:
L4:
  mov r0, #1
  mov r1, #2
  mov r2, #4
  mov r3, #4104
  store64 [r3], r1
  mov r4, #4104
  store64 [r4], r2
  mov r5, #4112
  add r7, r5, #0
  store64 [r7], r3
  add r8, r5, #8
  store64 [r8], r4
  mov r61, #16
  sub r6, r6, r61
  mov r10, r6
  mov r9, r10
  mov r11, r9
  mov r12, #5
  mov r13, #693
  mov r14, r5
  cmp r14, #0
  je L7
  mov r15, #0
  jmp L8
L7:
  mov r15, #1
L8:
  cmp r15, #0
  jne L5
  jmp L3
L5:
  mov r16, r12
  mov r1, r16
  r17 = call L0(r1)
  jmp L6
L3:
  mov r18, r14
  mov r19, r12
  mov r1, r18
  mov r2, r19
  r17 = call L0(r1, r2)
  jmp L6
L6:
  mov r20, #1
  mov r21, #1
  mov r62, #16
  sub r6, r6, r62
  mov r23, r6
  mov r22, r23
  mov r24, #1
  mov r25, #1
  mov r63, #16
  sub r6, r6, r63
  mov r27, r6
  mov r26, r27
  mov r28, #1
  mov r29, #1
  mov r64, #16
  sub r6, r6, r64
  mov r31, r6
  mov r30, r31
  mov r32, #1
  mov r33, #1
  mov r65, #16
  sub r6, r6, r65
  mov r35, r6
  mov r34, r35
  mov r36, #1
  mov r37, #1
  mov r66, #16
  sub r6, r6, r66
  mov r39, r6
  mov r38, r39
  mov r40, #1
  mov r41, #1
  mov r67, #16
  sub r6, r6, r67
  mov r43, r6
  mov r42, r43
  mov r44, #1
  mov r45, #1
  mov r68, #16
  sub r6, r6, r68
  mov r47, r6
  mov r46, r47
  mov r48, #1
  mov r49, #1
  mov r69, #16
  sub r6, r6, r69
  mov r51, r6
  mov r50, r51
  mov r52, #1
  mov r53, #1
  mov r70, #16
  sub r6, r6, r70
  mov r55, r6
  mov r54, r55
  mov r56, #1
  mov r57, #1
  mov r71, #16
  sub r6, r6, r71
  mov r59, r6
  mov r58, r59
  mov r60, [r3]
  ret r60



--- Executing LIR ---
=== 使用专业执行器执行LIR程序 ===
专业虚拟机配置:
  - 通用寄存器数量: 8
  - 内存大小: 1048576 bytes
  - 栈大小: 1024 entries
  - 调用约定: System V ABI inspired
  - 寄存器分配: Linear Scan with Spilling

=== 专业执行器启动 ===
执行引擎初始化完成
  栈基址: 1048575
  内存大小: 1048576 bytes
  调用约定: CallingConvention { argument_registers: [1, 2, 3, 4], return_register: 0, caller_saved: {4, 1, 3, 0, 2}, callee_saved: {5, 7, 6}, stack_pointer: 6, frame_pointer: 7, return_address: 5, temp_registers: [0, 1, 2, 3, 4] }
  寄存器映射: {RegisterId(2): 2, RegisterId(1): 1, RegisterId(6): 6, RegisterId(0): 0, RegisterId(7): 7, RegisterId(4): 4, RegisterId(3): 3, RegisterId(5): 5}
PC: 0, 执行: Label { id: LabelId(1), span: Span { start: 0, end: 0 } }
PC: 1, 执行: Label { id: LabelId(4), span: Span { start: 0, end: 0 } }
PC: 2, 执行: Move { dst: RegisterId(0), src: Immediate { value: 1 }, span: Span { start: 8, end: 9 } }
设置寄存器 RegisterId(0) = 1, 映射状态: Some(0)
PC: 3, 执行: Move { dst: RegisterId(1), src: Immediate { value: 2 }, span: Span { start: 19, end: 20 } }
设置寄存器 RegisterId(1) = 2, 映射状态: Some(1)
PC: 4, 执行: Move { dst: RegisterId(2), src: Immediate { value: 4 }, span: Span { start: 30, end: 31 } }
设置寄存器 RegisterId(2) = 4, 映射状态: Some(2)
PC: 5, 执行: Move { dst: RegisterId(3), src: Immediate { value: 4104 }, span: Span { start: 41, end: 61 } }
设置寄存器 RegisterId(3) = 4104, 映射状态: Some(3)
PC: 6, 执行: Store64 { addr: RegisterId(3), offset: 0, src: Register { id: RegisterId(1) }, span: Span { start: 41, end: 61 } }
获取寄存器 RegisterId(3) = 4104, 映射状态: Some(3)
获取寄存器 RegisterId(1) = 2, 映射状态: Some(1)
Store64: storing 2 to address 4104 (base 4104 + offset 0)
PC: 7, 执行: Move { dst: RegisterId(4), src: Immediate { value: 4104 }, span: Span { start: 41, end: 61 } }
设置寄存器 RegisterId(4) = 4104, 映射状态: Some(4)
PC: 8, 执行: Store64 { addr: RegisterId(4), offset: 0, src: Register { id: RegisterId(2) }, span: Span { start: 41, end: 61 } }
获取寄存器 RegisterId(4) = 4104, 映射状态: Some(4)
获取寄存器 RegisterId(2) = 4, 映射状态: Some(2)
Store64: storing 4 to address 4104 (base 4104 + offset 0)
PC: 9, 执行: Move { dst: RegisterId(5), src: Immediate { value: 4112 }, span: Span { start: 41, end: 61 } }
设置寄存器 RegisterId(5) = 4112, 映射状态: Some(5)
PC: 10, 执行: Add { dst: RegisterId(7), src1: Register { id: RegisterId(5) }, src2: Immediate { value: 0 }, span: Span { start: 41, end: 61 } }
获取寄存器 RegisterId(5) = 4112, 映射状态: Some(5)
设置寄存器 RegisterId(7) = 4112, 映射状态: Some(7)
PC: 11, 执行: Store64 { addr: RegisterId(7), offset: 0, src: Register { id: RegisterId(3) }, span: Span { start: 41, end: 61 } }
获取寄存器 RegisterId(7) = 4112, 映射状态: Some(7)
获取寄存器 RegisterId(3) = 4104, 映射状态: Some(3)
Store64: storing 4104 to address 4112 (base 4112 + offset 0)
PC: 12, 执行: Add { dst: RegisterId(8), src1: Register { id: RegisterId(5) }, src2: Immediate { value: 8 }, span: Span { start: 41, end: 61 } }
获取寄存器 RegisterId(5) = 4112, 映射状态: Some(5)
设置寄存器 RegisterId(8) = 4120, 映射状态: None
PC: 13, 执行: Store64 { addr: RegisterId(8), offset: 0, src: Register { id: RegisterId(4) }, span: Span { start: 41, end: 61 } }
获取寄存器 RegisterId(8) = 4120, 映射状态: None
获取寄存器 RegisterId(4) = 4104, 映射状态: Some(4)
Store64: storing 4104 to address 4120 (base 4120 + offset 0)
PC: 14, 执行: Move { dst: RegisterId(61), src: Immediate { value: 16 }, span: Span { start: 0, end: 0 } }
设置寄存器 RegisterId(61) = 16, 映射状态: None
PC: 15, 执行: Sub { dst: RegisterId(6), src1: Register { id: RegisterId(6) }, src2: Register { id: RegisterId(61) }, span: Span { start: 0, end: 0 } }
获取寄存器 RegisterId(6) = 1048575, 映射状态: Some(6)
获取寄存器 RegisterId(61) = 16, 映射状态: None
设置寄存器 RegisterId(6) = 1048559, 映射状态: Some(6)
PC: 16, 执行: Move { dst: RegisterId(10), src: Register { id: RegisterId(6) }, span: Span { start: 0, end: 0 } }
获取寄存器 RegisterId(6) = 1048559, 映射状态: Some(6)
设置寄存器 RegisterId(10) = 1048559, 映射状态: None
PC: 17, 执行: Move { dst: RegisterId(9), src: Register { id: RegisterId(10) }, span: Span { start: 41, end: 61 } }
获取寄存器 RegisterId(10) = 1048559, 映射状态: None
设置寄存器 RegisterId(9) = 1048559, 映射状态: None
PC: 18, 执行: Move { dst: RegisterId(11), src: Register { id: RegisterId(9) }, span: Span { start: 63, end: 64 } }
获取寄存器 RegisterId(9) = 1048559, 映射状态: None
设置寄存器 RegisterId(11) = 1048559, 映射状态: None
PC: 19, 执行: Move { dst: RegisterId(12), src: Immediate { value: 5 }, span: Span { start: 65, end: 66 } }
设置寄存器 RegisterId(12) = 5, 映射状态: None
PC: 20, 执行: Move { dst: RegisterId(13), src: Immediate { value: 693 }, span: Span { start: 63, end: 67 } }
设置寄存器 RegisterId(13) = 693, 映射状态: None
PC: 21, 执行: Move { dst: RegisterId(14), src: Register { id: RegisterId(5) }, span: Span { start: 63, end: 67 } }
获取寄存器 RegisterId(5) = 4112, 映射状态: Some(5)
设置寄存器 RegisterId(14) = 4112, 映射状态: None
PC: 22, 执行: Compare { src1: Register { id: RegisterId(14) }, src2: Immediate { value: 0 }, span: Span { start: 63, end: 67 } }
获取寄存器 RegisterId(14) = 4112, 映射状态: None
PC: 23, 执行: JumpEqual { target: LabelId(7), span: Span { start: 63, end: 67 } }
PC: 24, 执行: Move { dst: RegisterId(15), src: Immediate { value: 0 }, span: Span { start: 63, end: 67 } }
设置寄存器 RegisterId(15) = 0, 映射状态: None
PC: 25, 执行: Jump { target: LabelId(8), span: Span { start: 63, end: 67 } }
PC: 28, 执行: Label { id: LabelId(8), span: Span { start: 63, end: 67 } }
PC: 29, 执行: Compare { src1: Register { id: RegisterId(15) }, src2: Immediate { value: 0 }, span: Span { start: 63, end: 67 } }
获取寄存器 RegisterId(15) = 0, 映射状态: None
PC: 30, 执行: JumpNotEqual { target: LabelId(5), span: Span { start: 63, end: 67 } }
PC: 31, 执行: Jump { target: LabelId(3), span: Span { start: 63, end: 67 } }
PC: 37, 执行: Label { id: LabelId(3), span: Span { start: 0, end: 0 } }
PC: 38, 执行: Move { dst: RegisterId(18), src: Register { id: RegisterId(14) }, span: Span { start: 63, end: 67 } }
获取寄存器 RegisterId(14) = 4112, 映射状态: None
设置寄存器 RegisterId(18) = 4112, 映射状态: None
PC: 39, 执行: Move { dst: RegisterId(19), src: Register { id: RegisterId(12) }, span: Span { start: 63, end: 67 } }
获取寄存器 RegisterId(12) = 5, 映射状态: None
设置寄存器 RegisterId(19) = 5, 映射状态: None
PC: 40, 执行: Move { dst: RegisterId(1), src: Register { id: RegisterId(18) }, span: Span { start: 63, end: 67 } }
获取寄存器 RegisterId(18) = 4112, 映射状态: None
设置寄存器 RegisterId(1) = 4112, 映射状态: Some(1)
PC: 41, 执行: Move { dst: RegisterId(2), src: Register { id: RegisterId(19) }, span: Span { start: 63, end: 67 } }
获取寄存器 RegisterId(19) = 5, 映射状态: None
设置寄存器 RegisterId(2) = 5, 映射状态: Some(2)
PC: 42, 执行: Call { target: LabelId(0), args: [RegisterId(1), RegisterId(2)], result: Some(RegisterId(17)), span: Span { start: 63, end: 67 } }
获取寄存器 RegisterId(1) = 4112, 映射状态: Some(1)
设置寄存器 RegisterId(1) = 4112, 映射状态: Some(1)
获取寄存器 RegisterId(2) = 5, 映射状态: Some(2)
设置寄存器 RegisterId(2) = 5, 映射状态: Some(2)
推送调用栈帧: 返回PC=43, 结果寄存器=Some(RegisterId(17))
PC: 107, 执行: Label { id: LabelId(0), span: Span { start: 0, end: 0 } }
PC: 108, 执行: Move { dst: RegisterId(0), src: Register { id: RegisterId(1) }, span: Span { start: 0, end: 0 } }
获取寄存器 RegisterId(1) = 4112, 映射状态: Some(1)
设置寄存器 RegisterId(0) = 4112, 映射状态: Some(0)
PC: 109, 执行: Move { dst: RegisterId(1), src: Register { id: RegisterId(2) }, span: Span { start: 0, end: 0 } }
获取寄存器 RegisterId(2) = 5, 映射状态: Some(2)
设置寄存器 RegisterId(1) = 5, 映射状态: Some(1)
PC: 110, 执行: Label { id: LabelId(2), span: Span { start: 0, end: 0 } }
PC: 111, 执行: Add { dst: RegisterId(2), src1: Register { id: RegisterId(0) }, src2: Immediate { value: 0 }, span: Span { start: 41, end: 61 } }
获取寄存器 RegisterId(0) = 4112, 映射状态: Some(0)
设置寄存器 RegisterId(2) = 4112, 映射状态: Some(2)
PC: 112, 执行: Move { dst: RegisterId(3), src: Memory { base: RegisterId(2), offset: 0 }, span: Span { start: 41, end: 61 } }
获取寄存器 RegisterId(2) = 4112, 映射状态: Some(2)
设置寄存器 RegisterId(3) = 4104, 映射状态: Some(3)
PC: 113, 执行: Add { dst: RegisterId(4), src1: Register { id: RegisterId(0) }, src2: Immediate { value: 8 }, span: Span { start: 41, end: 61 } }
获取寄存器 RegisterId(0) = 4112, 映射状态: Some(0)
设置寄存器 RegisterId(4) = 4120, 映射状态: Some(4)
PC: 114, 执行: Move { dst: RegisterId(5), src: Memory { base: RegisterId(4), offset: 0 }, span: Span { start: 41, end: 61 } }
获取寄存器 RegisterId(4) = 4120, 映射状态: Some(4)
设置寄存器 RegisterId(5) = 4104, 映射状态: Some(5)
PC: 115, 执行: Move { dst: RegisterId(7), src: Immediate { value: 3 }, span: Span { start: 48, end: 49 } }
设置寄存器 RegisterId(7) = 3, 映射状态: Some(7)
PC: 116, 执行: Store64 { addr: RegisterId(3), offset: 0, src: Register { id: RegisterId(7) }, span: Span { start: 46, end: 49 } }
获取寄存器 RegisterId(3) = 4104, 映射状态: Some(3)
获取寄存器 RegisterId(7) = 3, 映射状态: Some(7)
Store64: storing 3 to address 4104 (base 4104 + offset 0)
PC: 117, 执行: Move { dst: RegisterId(8), src: Immediate { value: 0 }, span: Span { start: 46, end: 49 } }
设置寄存器 RegisterId(8) = 0, 映射状态: None
PC: 118, 执行: Move { dst: RegisterId(9), src: Register { id: RegisterId(1) }, span: Span { start: 51, end: 52 } }
获取寄存器 RegisterId(1) = 5, 映射状态: Some(1)
设置寄存器 RegisterId(9) = 5, 映射状态: None
PC: 119, 执行: Move { dst: RegisterId(10), src: Memory { base: RegisterId(3), offset: 0 }, span: Span { start: 55, end: 56 } }
获取寄存器 RegisterId(3) = 4104, 映射状态: Some(3)
设置寄存器 RegisterId(10) = 3, 映射状态: None
PC: 120, 执行: Add { dst: RegisterId(11), src1: Register { id: RegisterId(9) }, src2: Register { id: RegisterId(10) }, span: Span { start: 51, end: 56 } }
获取寄存器 RegisterId(9) = 5, 映射状态: None
获取寄存器 RegisterId(10) = 3, 映射状态: None
设置寄存器 RegisterId(11) = 8, 映射状态: None
PC: 121, 执行: Move { dst: RegisterId(12), src: Memory { base: RegisterId(5), offset: 0 }, span: Span { start: 59, end: 60 } }
获取寄存器 RegisterId(5) = 4104, 映射状态: Some(5)
设置寄存器 RegisterId(12) = 3, 映射状态: None
PC: 122, 执行: Add { dst: RegisterId(13), src1: Register { id: RegisterId(11) }, src2: Register { id: RegisterId(12) }, span: Span { start: 51, end: 60 } }
获取寄存器 RegisterId(11) = 8, 映射状态: None
获取寄存器 RegisterId(12) = 3, 映射状态: None
设置寄存器 RegisterId(13) = 11, 映射状态: None
PC: 123, 执行: Return { value: Some(RegisterId(13)), span: Span { start: 45, end: 61 } }
获取寄存器 RegisterId(13) = 11, 映射状态: None
弹出调用栈帧: 返回PC=43, 结果寄存器=Some(RegisterId(17))
设置寄存器 RegisterId(17) = 11, 映射状态: None
返回到调用点: PC=43, 返回值=11
PC: 43, 执行: Jump { target: LabelId(6), span: Span { start: 63, end: 67 } }
PC: 44, 执行: Label { id: LabelId(6), span: Span { start: 0, end: 0 } }
PC: 45, 执行: Move { dst: RegisterId(20), src: Immediate { value: 1 }, span: Span { start: 109, end: 110 } }
设置寄存器 RegisterId(20) = 1, 映射状态: None
PC: 46, 执行: Move { dst: RegisterId(21), src: Immediate { value: 1 }, span: Span { start: 113, end: 114 } }
设置寄存器 RegisterId(21) = 1, 映射状态: None
PC: 47, 执行: Move { dst: RegisterId(62), src: Immediate { value: 16 }, span: Span { start: 0, end: 0 } }
设置寄存器 RegisterId(62) = 16, 映射状态: None
PC: 48, 执行: Sub { dst: RegisterId(6), src1: Register { id: RegisterId(6) }, src2: Register { id: RegisterId(62) }, span: Span { start: 0, end: 0 } }
获取寄存器 RegisterId(6) = 1048559, 映射状态: Some(6)
获取寄存器 RegisterId(62) = 16, 映射状态: None
设置寄存器 RegisterId(6) = 1048543, 映射状态: Some(6)
PC: 49, 执行: Move { dst: RegisterId(23), src: Register { id: RegisterId(6) }, span: Span { start: 0, end: 0 } }
获取寄存器 RegisterId(6) = 1048543, 映射状态: Some(6)
设置寄存器 RegisterId(23) = 1048543, 映射状态: None
PC: 50, 执行: Move { dst: RegisterId(22), src: Register { id: RegisterId(23) }, span: Span { start: 105, end: 115 } }
获取寄存器 RegisterId(23) = 1048543, 映射状态: None
设置寄存器 RegisterId(22) = 1048543, 映射状态: None
PC: 51, 执行: Move { dst: RegisterId(24), src: Immediate { value: 1 }, span: Span { start: 129, end: 130 } }
设置寄存器 RegisterId(24) = 1, 映射状态: None
PC: 52, 执行: Move { dst: RegisterId(25), src: Immediate { value: 1 }, span: Span { start: 133, end: 134 } }
设置寄存器 RegisterId(25) = 1, 映射状态: None
PC: 53, 执行: Move { dst: RegisterId(63), src: Immediate { value: 16 }, span: Span { start: 0, end: 0 } }
设置寄存器 RegisterId(63) = 16, 映射状态: None
PC: 54, 执行: Sub { dst: RegisterId(6), src1: Register { id: RegisterId(6) }, src2: Register { id: RegisterId(63) }, span: Span { start: 0, end: 0 } }
获取寄存器 RegisterId(6) = 1048543, 映射状态: Some(6)
获取寄存器 RegisterId(63) = 16, 映射状态: None
设置寄存器 RegisterId(6) = 1048527, 映射状态: Some(6)
PC: 55, 执行: Move { dst: RegisterId(27), src: Register { id: RegisterId(6) }, span: Span { start: 0, end: 0 } }
获取寄存器 RegisterId(6) = 1048527, 映射状态: Some(6)
设置寄存器 RegisterId(27) = 1048527, 映射状态: None
PC: 56, 执行: Move { dst: RegisterId(26), src: Register { id: RegisterId(27) }, span: Span { start: 125, end: 135 } }
获取寄存器 RegisterId(27) = 1048527, 映射状态: None
设置寄存器 RegisterId(26) = 1048527, 映射状态: None
PC: 57, 执行: Move { dst: RegisterId(28), src: Immediate { value: 1 }, span: Span { start: 149, end: 150 } }
设置寄存器 RegisterId(28) = 1, 映射状态: None
PC: 58, 执行: Move { dst: RegisterId(29), src: Immediate { value: 1 }, span: Span { start: 153, end: 154 } }
设置寄存器 RegisterId(29) = 1, 映射状态: None
PC: 59, 执行: Move { dst: RegisterId(64), src: Immediate { value: 16 }, span: Span { start: 0, end: 0 } }
设置寄存器 RegisterId(64) = 16, 映射状态: None
PC: 60, 执行: Sub { dst: RegisterId(6), src1: Register { id: RegisterId(6) }, src2: Register { id: RegisterId(64) }, span: Span { start: 0, end: 0 } }
获取寄存器 RegisterId(6) = 1048527, 映射状态: Some(6)
获取寄存器 RegisterId(64) = 16, 映射状态: None
设置寄存器 RegisterId(6) = 1048511, 映射状态: Some(6)
PC: 61, 执行: Move { dst: RegisterId(31), src: Register { id: RegisterId(6) }, span: Span { start: 0, end: 0 } }
获取寄存器 RegisterId(6) = 1048511, 映射状态: Some(6)
设置寄存器 RegisterId(31) = 1048511, 映射状态: None
PC: 62, 执行: Move { dst: RegisterId(30), src: Register { id: RegisterId(31) }, span: Span { start: 145, end: 155 } }
获取寄存器 RegisterId(31) = 1048511, 映射状态: None
设置寄存器 RegisterId(30) = 1048511, 映射状态: None
PC: 63, 执行: Move { dst: RegisterId(32), src: Immediate { value: 1 }, span: Span { start: 169, end: 170 } }
设置寄存器 RegisterId(32) = 1, 映射状态: None
PC: 64, 执行: Move { dst: RegisterId(33), src: Immediate { value: 1 }, span: Span { start: 173, end: 174 } }
设置寄存器 RegisterId(33) = 1, 映射状态: None
PC: 65, 执行: Move { dst: RegisterId(65), src: Immediate { value: 16 }, span: Span { start: 0, end: 0 } }
设置寄存器 RegisterId(65) = 16, 映射状态: None
PC: 66, 执行: Sub { dst: RegisterId(6), src1: Register { id: RegisterId(6) }, src2: Register { id: RegisterId(65) }, span: Span { start: 0, end: 0 } }
获取寄存器 RegisterId(6) = 1048511, 映射状态: Some(6)
获取寄存器 RegisterId(65) = 16, 映射状态: None
设置寄存器 RegisterId(6) = 1048495, 映射状态: Some(6)
PC: 67, 执行: Move { dst: RegisterId(35), src: Register { id: RegisterId(6) }, span: Span { start: 0, end: 0 } }
获取寄存器 RegisterId(6) = 1048495, 映射状态: Some(6)
设置寄存器 RegisterId(35) = 1048495, 映射状态: None
PC: 68, 执行: Move { dst: RegisterId(34), src: Register { id: RegisterId(35) }, span: Span { start: 165, end: 175 } }
获取寄存器 RegisterId(35) = 1048495, 映射状态: None
设置寄存器 RegisterId(34) = 1048495, 映射状态: None
PC: 69, 执行: Move { dst: RegisterId(36), src: Immediate { value: 1 }, span: Span { start: 189, end: 190 } }
设置寄存器 RegisterId(36) = 1, 映射状态: None
PC: 70, 执行: Move { dst: RegisterId(37), src: Immediate { value: 1 }, span: Span { start: 193, end: 194 } }
设置寄存器 RegisterId(37) = 1, 映射状态: None
PC: 71, 执行: Move { dst: RegisterId(66), src: Immediate { value: 16 }, span: Span { start: 0, end: 0 } }
设置寄存器 RegisterId(66) = 16, 映射状态: None
PC: 72, 执行: Sub { dst: RegisterId(6), src1: Register { id: RegisterId(6) }, src2: Register { id: RegisterId(66) }, span: Span { start: 0, end: 0 } }
获取寄存器 RegisterId(6) = 1048495, 映射状态: Some(6)
获取寄存器 RegisterId(66) = 16, 映射状态: None
设置寄存器 RegisterId(6) = 1048479, 映射状态: Some(6)
PC: 73, 执行: Move { dst: RegisterId(39), src: Register { id: RegisterId(6) }, span: Span { start: 0, end: 0 } }
获取寄存器 RegisterId(6) = 1048479, 映射状态: Some(6)
设置寄存器 RegisterId(39) = 1048479, 映射状态: None
PC: 74, 执行: Move { dst: RegisterId(38), src: Register { id: RegisterId(39) }, span: Span { start: 185, end: 195 } }
获取寄存器 RegisterId(39) = 1048479, 映射状态: None
设置寄存器 RegisterId(38) = 1048479, 映射状态: None
PC: 75, 执行: Move { dst: RegisterId(40), src: Immediate { value: 1 }, span: Span { start: 209, end: 210 } }
设置寄存器 RegisterId(40) = 1, 映射状态: None
PC: 76, 执行: Move { dst: RegisterId(41), src: Immediate { value: 1 }, span: Span { start: 213, end: 214 } }
设置寄存器 RegisterId(41) = 1, 映射状态: None
PC: 77, 执行: Move { dst: RegisterId(67), src: Immediate { value: 16 }, span: Span { start: 0, end: 0 } }
设置寄存器 RegisterId(67) = 16, 映射状态: None
PC: 78, 执行: Sub { dst: RegisterId(6), src1: Register { id: RegisterId(6) }, src2: Register { id: RegisterId(67) }, span: Span { start: 0, end: 0 } }
获取寄存器 RegisterId(6) = 1048479, 映射状态: Some(6)
获取寄存器 RegisterId(67) = 16, 映射状态: None
设置寄存器 RegisterId(6) = 1048463, 映射状态: Some(6)
PC: 79, 执行: Move { dst: RegisterId(43), src: Register { id: RegisterId(6) }, span: Span { start: 0, end: 0 } }
获取寄存器 RegisterId(6) = 1048463, 映射状态: Some(6)
设置寄存器 RegisterId(43) = 1048463, 映射状态: None
PC: 80, 执行: Move { dst: RegisterId(42), src: Register { id: RegisterId(43) }, span: Span { start: 205, end: 215 } }
获取寄存器 RegisterId(43) = 1048463, 映射状态: None
设置寄存器 RegisterId(42) = 1048463, 映射状态: None
PC: 81, 执行: Move { dst: RegisterId(44), src: Immediate { value: 1 }, span: Span { start: 229, end: 230 } }
设置寄存器 RegisterId(44) = 1, 映射状态: None
PC: 82, 执行: Move { dst: RegisterId(45), src: Immediate { value: 1 }, span: Span { start: 233, end: 234 } }
设置寄存器 RegisterId(45) = 1, 映射状态: None
PC: 83, 执行: Move { dst: RegisterId(68), src: Immediate { value: 16 }, span: Span { start: 0, end: 0 } }
设置寄存器 RegisterId(68) = 16, 映射状态: None
PC: 84, 执行: Sub { dst: RegisterId(6), src1: Register { id: RegisterId(6) }, src2: Register { id: RegisterId(68) }, span: Span { start: 0, end: 0 } }
获取寄存器 RegisterId(6) = 1048463, 映射状态: Some(6)
获取寄存器 RegisterId(68) = 16, 映射状态: None
设置寄存器 RegisterId(6) = 1048447, 映射状态: Some(6)
PC: 85, 执行: Move { dst: RegisterId(47), src: Register { id: RegisterId(6) }, span: Span { start: 0, end: 0 } }
获取寄存器 RegisterId(6) = 1048447, 映射状态: Some(6)
设置寄存器 RegisterId(47) = 1048447, 映射状态: None
PC: 86, 执行: Move { dst: RegisterId(46), src: Register { id: RegisterId(47) }, span: Span { start: 225, end: 235 } }
获取寄存器 RegisterId(47) = 1048447, 映射状态: None
设置寄存器 RegisterId(46) = 1048447, 映射状态: None
PC: 87, 执行: Move { dst: RegisterId(48), src: Immediate { value: 1 }, span: Span { start: 249, end: 250 } }
设置寄存器 RegisterId(48) = 1, 映射状态: None
PC: 88, 执行: Move { dst: RegisterId(49), src: Immediate { value: 1 }, span: Span { start: 253, end: 254 } }
设置寄存器 RegisterId(49) = 1, 映射状态: None
PC: 89, 执行: Move { dst: RegisterId(69), src: Immediate { value: 16 }, span: Span { start: 0, end: 0 } }
设置寄存器 RegisterId(69) = 16, 映射状态: None
PC: 90, 执行: Sub { dst: RegisterId(6), src1: Register { id: RegisterId(6) }, src2: Register { id: RegisterId(69) }, span: Span { start: 0, end: 0 } }
获取寄存器 RegisterId(6) = 1048447, 映射状态: Some(6)
获取寄存器 RegisterId(69) = 16, 映射状态: None
设置寄存器 RegisterId(6) = 1048431, 映射状态: Some(6)
PC: 91, 执行: Move { dst: RegisterId(51), src: Register { id: RegisterId(6) }, span: Span { start: 0, end: 0 } }
获取寄存器 RegisterId(6) = 1048431, 映射状态: Some(6)
设置寄存器 RegisterId(51) = 1048431, 映射状态: None
PC: 92, 执行: Move { dst: RegisterId(50), src: Register { id: RegisterId(51) }, span: Span { start: 245, end: 255 } }
获取寄存器 RegisterId(51) = 1048431, 映射状态: None
设置寄存器 RegisterId(50) = 1048431, 映射状态: None
PC: 93, 执行: Move { dst: RegisterId(52), src: Immediate { value: 1 }, span: Span { start: 269, end: 270 } }
设置寄存器 RegisterId(52) = 1, 映射状态: None
PC: 94, 执行: Move { dst: RegisterId(53), src: Immediate { value: 1 }, span: Span { start: 273, end: 274 } }
设置寄存器 RegisterId(53) = 1, 映射状态: None
PC: 95, 执行: Move { dst: RegisterId(70), src: Immediate { value: 16 }, span: Span { start: 0, end: 0 } }
设置寄存器 RegisterId(70) = 16, 映射状态: None
PC: 96, 执行: Sub { dst: RegisterId(6), src1: Register { id: RegisterId(6) }, src2: Register { id: RegisterId(70) }, span: Span { start: 0, end: 0 } }
获取寄存器 RegisterId(6) = 1048431, 映射状态: Some(6)
获取寄存器 RegisterId(70) = 16, 映射状态: None
设置寄存器 RegisterId(6) = 1048415, 映射状态: Some(6)
PC: 97, 执行: Move { dst: RegisterId(55), src: Register { id: RegisterId(6) }, span: Span { start: 0, end: 0 } }
获取寄存器 RegisterId(6) = 1048415, 映射状态: Some(6)
设置寄存器 RegisterId(55) = 1048415, 映射状态: None
PC: 98, 执行: Move { dst: RegisterId(54), src: Register { id: RegisterId(55) }, span: Span { start: 265, end: 275 } }
获取寄存器 RegisterId(55) = 1048415, 映射状态: None
设置寄存器 RegisterId(54) = 1048415, 映射状态: None
PC: 99, 执行: Move { dst: RegisterId(56), src: Immediate { value: 1 }, span: Span { start: 289, end: 290 } }
设置寄存器 RegisterId(56) = 1, 映射状态: None
PC: 100, 执行: Move { dst: RegisterId(57), src: Immediate { value: 1 }, span: Span { start: 293, end: 294 } }
设置寄存器 RegisterId(57) = 1, 映射状态: None
PC: 101, 执行: Move { dst: RegisterId(71), src: Immediate { value: 16 }, span: Span { start: 0, end: 0 } }
设置寄存器 RegisterId(71) = 16, 映射状态: None
PC: 102, 执行: Sub { dst: RegisterId(6), src1: Register { id: RegisterId(6) }, src2: Register { id: RegisterId(71) }, span: Span { start: 0, end: 0 } }
获取寄存器 RegisterId(6) = 1048415, 映射状态: Some(6)
获取寄存器 RegisterId(71) = 16, 映射状态: None
设置寄存器 RegisterId(6) = 1048399, 映射状态: Some(6)
PC: 103, 执行: Move { dst: RegisterId(59), src: Register { id: RegisterId(6) }, span: Span { start: 0, end: 0 } }
获取寄存器 RegisterId(6) = 1048399, 映射状态: Some(6)
设置寄存器 RegisterId(59) = 1048399, 映射状态: None
PC: 104, 执行: Move { dst: RegisterId(58), src: Register { id: RegisterId(59) }, span: Span { start: 285, end: 295 } }
获取寄存器 RegisterId(59) = 1048399, 映射状态: None
设置寄存器 RegisterId(58) = 1048399, 映射状态: None
PC: 105, 执行: Move { dst: RegisterId(60), src: Memory { base: RegisterId(3), offset: 0 }, span: Span { start: 297, end: 298 } }
获取寄存器 RegisterId(3) = 4104, 映射状态: Some(3)
设置寄存器 RegisterId(60) = 3, 映射状态: None
PC: 106, 执行: Return { value: Some(RegisterId(60)), span: Span { start: 0, end: 298 } }
获取寄存器 RegisterId(60) = 3, 映射状态: None
调用栈为空，无法弹出栈帧
=== 专业执行器完成，结果: 3 ===
=== 专业执行器程序执行完成 ===
返回值: 3

=== Virtual Machine State ===
PC: 106
SP: 1023
Flags: Equal
Call Stack: []
Non-zero Registers:
  r0: 4112
  r1: 5
  r2: 4112
  r3: 4104
  r4: 4120
  r5: 4104
  r6: 1048399
  r7: 3
Register Mapping:
  RegisterId(2) -> r2
  RegisterId(1) -> r1
  RegisterId(6) -> r6
  RegisterId(0) -> r0
  RegisterId(7) -> r7
  RegisterId(4) -> r4
  RegisterId(3) -> r3
  RegisterId(5) -> r5
Spilled Register Storage:
  RegisterId(34): 1048495
  RegisterId(10): 3
  RegisterId(69): 16
  RegisterId(67): 16
  RegisterId(58): 1048399
  RegisterId(26): 1048527
  RegisterId(23): 1048543
  RegisterId(60): 3
  RegisterId(64): 16
  RegisterId(49): 1
  RegisterId(59): 1048399
  RegisterId(27): 1048527
  RegisterId(66): 16
  RegisterId(22): 1048543
  RegisterId(51): 1048431
  RegisterId(44): 1
  RegisterId(14): 4112
  RegisterId(45): 1
  RegisterId(11): 8
  RegisterId(33): 1
  RegisterId(65): 16
  RegisterId(38): 1048479
  RegisterId(70): 16
  RegisterId(55): 1048415
  RegisterId(36): 1
  RegisterId(39): 1048479
  RegisterId(68): 16
  RegisterId(40): 1
  RegisterId(52): 1
  RegisterId(24): 1
  RegisterId(43): 1048463
  RegisterId(21): 1
  RegisterId(30): 1048511
  RegisterId(9): 5
  RegisterId(47): 1048447
  RegisterId(46): 1048447
  RegisterId(32): 1
  RegisterId(50): 1048431
  RegisterId(15): 0
  RegisterId(62): 16
  RegisterId(29): 1
  RegisterId(48): 1
  RegisterId(12): 3
  RegisterId(31): 1048511
  RegisterId(41): 1
  RegisterId(53): 1
  RegisterId(13): 11
  RegisterId(18): 4112
  RegisterId(28): 1
  RegisterId(8): 0
  RegisterId(63): 16
  RegisterId(17): 11
  RegisterId(56): 1
  RegisterId(54): 1048415
  RegisterId(19): 5
  RegisterId(42): 1048463
  RegisterId(71): 16
  RegisterId(61): 16
  RegisterId(37): 1
  RegisterId(57): 1
  RegisterId(35): 1048495
  RegisterId(20): 1
  RegisterId(25): 1
Non-zero VM memory values (first 100):
Non-zero VM memory values (stack area 1048400-1048576):
=== Memory State ===
Heap pointer: 0
Stack pointer: 1023
Memory statistics: MemoryStats { total_memory: 1048576, used_heap: 0, available_heap: 1048576, stack_size: 1024, used_stack: 1, available_stack: 1023 }
Non-zero stack values:
Non-zero heap values (first 100):
=== Stack Manager State ===
Stack Pointer: 1048576
Frame Pointer: 1048576
Stack Depth: 0

Result: 3

