    Updating crates.io index
    Updating git repository `https://github.com/Pivot-Studio/sys-info-rs.git`
 Downloading crates ...
  Downloaded errno v0.3.13
  Downloaded scopeguard v1.2.0
  Downloaded either v1.15.0
  Downloaded supports-unicode v2.1.0
  Downloaded terminal_size v0.1.17
  Downloaded threadpool v1.8.1
  Downloaded windows-targets v0.48.5
  Downloaded tokio-macros v2.5.0
  Downloaded supports-hyperlinks v2.1.0
  Downloaded thiserror v2.0.17
  Downloaded signal-hook-registry v1.4.5
  Downloaded toml_datetime v0.6.11
  Downloaded tinytemplate v1.2.1
  Downloaded unicode-linebreak v0.1.5
  Downloaded textwrap v0.15.2
  Downloaded log v0.4.27
  Downloaded shlex v1.3.0
  Downloaded smallvec v1.15.1
  Downloaded toml v0.8.23
  Downloaded toml_edit v0.22.27
  Downloaded serde_derive v1.0.219
  Downloaded toml_edit v0.19.15
  Downloaded same-file v1.0.6
  Downloaded serde_spanned v0.6.9
  Downloaded winnow v0.5.40
  Downloaded winnow v0.7.13
  Downloaded proc-macro2 v1.0.95
  Downloaded syn v1.0.109
  Downloaded unicode-width v0.2.2
  Downloaded unicode-width v0.1.14
  Downloaded syn v2.0.102
  Downloaded rayon v1.11.0
  Downloaded plotters v0.3.7
  Downloaded hashbrown v0.16.0
  Downloaded clap_builder v4.5.40
  Downloaded aho-corasick v1.1.3
  Downloaded regex v1.11.1
  Downloaded criterion v0.5.1
  Downloaded regex-syntax v0.6.29
  Downloaded object v0.32.2
  Downloaded gimli v0.28.1
  Downloaded nom v7.1.3
  Downloaded mio v1.0.4
  Downloaded regex-syntax v0.8.5
  Downloaded itertools v0.10.5
  Downloaded minimal-lexical v0.2.1
  Downloaded rustix v1.0.7
  Downloaded cc v1.2.26
  Downloaded bytes v1.10.1
  Downloaded backtrace v0.3.69
  Downloaded rayon-core v1.13.0
  Downloaded miniz_oxide v0.7.4
  Downloaded memchr v2.7.5
  Downloaded indicatif v0.17.11
  Downloaded half v2.6.0
  Downloaded tokio v1.45.1
  Downloaded regex-automata v0.4.9
  Downloaded clap v4.5.40
  Downloaded windows_x86_64_gnu v0.48.5
  Downloaded anyhow v1.0.100
  Downloaded parking_lot v0.12.4
  Downloaded owo-colors v3.5.0
  Downloaded miette v5.10.0
  Downloaded jiff v0.2.15
  Downloaded libc v0.2.172
  Downloaded cmake v0.1.54
  Downloaded ciborium v0.2.2
  Downloaded bitflags v2.9.1
  Downloaded anstyle-parse v0.2.7
  Downloaded anstream v0.6.19
  Downloaded semver v1.0.27
  Downloaded ryu v1.0.20
  Downloaded parking_lot_core v0.9.11
  Downloaded once_cell v1.21.3
  Downloaded num-traits v0.2.19
  Downloaded itoa v1.0.15
  Downloaded crossbeam-epoch v0.9.18
  Downloaded autocfg v1.4.0
  Downloaded addr2line v0.21.0
  Downloaded serde_json v1.0.140
  Downloaded serde v1.0.219
  Downloaded quote v1.0.40
  Downloaded portable-atomic v1.11.1
  Downloaded logos-codegen v0.13.0
  Downloaded lazy_static v1.5.0
  Downloaded is_terminal_polyfill v1.70.1
  Downloaded int-enum v0.5.0
  Downloaded getrandom v0.3.3
  Downloaded env_filter v0.1.3
  Downloaded crossbeam-utils v0.8.21
  Downloaded crossbeam-deque v0.8.6
  Downloaded criterion-plot v0.5.0
  Downloaded clap_lex v0.7.5
  Downloaded ciborium-ll v0.2.2
  Downloaded ciborium-io v0.2.2
  Downloaded cfg-if v1.0.1
  Downloaded cast v0.3.0
  Downloaded backtrace-ext v0.2.1
  Downloaded anstyle-query v1.1.3
  Downloaded anstyle v1.0.11
  Downloaded anes v0.1.6
  Downloaded adler v1.0.2
  Downloaded proc-macro-crate v1.3.1
  Downloaded plotters-svg v0.3.7
  Downloaded oorandom v11.1.5
  Downloaded number_prefix v0.4.0
  Downloaded num_cpus v1.17.0
  Downloaded logos v0.13.0
  Downloaded lock_api v0.4.13
  Downloaded int-enum-impl v0.5.0
  Downloaded fnv v1.0.7
  Downloaded equivalent v1.0.2
  Downloaded env_logger v0.11.8
  Downloaded ena v0.14.3
  Downloaded colorchoice v1.0.4
  Downloaded beef v0.5.2
  Downloaded rustc-hash v1.1.0
  Downloaded plotters-backend v0.3.7
  Downloaded is_ci v1.2.0
  Downloaded indexmap v2.12.0
  Downloaded fastrand v2.3.0
  Downloaded rustc-demangle v0.1.25
  Downloaded walkdir v2.5.0
  Downloaded unicode-ident v1.0.18
  Downloaded tempfile v3.20.0
  Downloaded miette-derive v5.10.0
  Downloaded logos-derive v0.13.0
  Downloaded is-terminal v0.4.16
  Downloaded thiserror-impl v1.0.69
  Downloaded socket2 v0.5.10
  Downloaded smawk v0.3.2
  Downloaded pin-project-lite v0.2.16
  Downloaded utf8parse v0.2.2
  Downloaded thiserror-impl v2.0.17
  Downloaded thiserror v1.0.69
  Downloaded toml_write v0.1.2
  Downloaded supports-color v2.1.0
  Downloaded linux-raw-sys v0.9.4
  Downloaded windows-sys v0.48.0
   Compiling proc-macro2 v1.0.95
   Compiling unicode-ident v1.0.18
   Compiling libc v0.2.172
   Compiling memchr v2.7.5
   Compiling cfg-if v1.0.1
   Compiling shlex v1.3.0
   Compiling cc v1.2.26
   Compiling quote v1.0.40
   Compiling syn v2.0.102
   Compiling serde v1.0.219
   Compiling once_cell v1.21.3
   Compiling thiserror v1.0.69
   Compiling log v0.4.27
   Compiling is-terminal v0.4.16
   Compiling gimli v0.28.1
   Compiling adler v1.0.2
   Compiling minimal-lexical v0.2.1
   Compiling backtrace v0.3.69
   Compiling nom v7.1.3
   Compiling miniz_oxide v0.7.4
   Compiling object v0.32.2
   Compiling addr2line v0.21.0
   Compiling rustc-demangle v0.1.25
   Compiling autocfg v1.4.0
   Compiling serde_json v1.0.140
   Compiling aho-corasick v1.1.3
   Compiling itoa v1.0.15
   Compiling ryu v1.0.20
   Compiling smawk v0.3.2
   Compiling unicode-width v0.1.14
   Compiling unicode-linebreak v0.1.5
   Compiling serde_derive v1.0.219
   Compiling thiserror-impl v1.0.69
   Compiling is_ci v1.2.0
   Compiling supports-color v2.1.0
   Compiling miette-derive v5.10.0
   Compiling textwrap v0.15.2
   Compiling karte-ir-codec v0.1.0 (/workspace/karte-ir-codec)
   Compiling karte-ir-derive v0.1.0 (/workspace/karte-ir-derive)
   Compiling backtrace-ext v0.2.1
   Compiling supports-hyperlinks v2.1.0
   Compiling supports-unicode v2.1.0
   Compiling terminal_size v0.1.17
   Compiling owo-colors v3.5.0
   Compiling crossbeam-utils v0.8.21
   Compiling hashbrown v0.16.0
warning: field `0` is never read
  --> karte-ir-derive/src/spec.rs:14:10
   |
14 |     Enum(EnumSpec),
   |     ---- ^^^^^^^^
   |     |
   |     field in this variant
   |
   = note: `TypeKind` has a derived impl for the trait `Clone`, but this is intentionally ignored during dead code analysis
   = note: `#[warn(dead_code)]` on by default
help: consider changing the field to be of unit type to suppress this warning while preserving the field numbering, or remove the field
   |
14 |     Enum(()),
   |          ~~

warning: field `variants` is never read
  --> karte-ir-derive/src/spec.rs:31:9
   |
30 | pub struct EnumSpec {
   |            -------- field in this struct
31 |     pub variants: Vec<VariantSpec>,
   |         ^^^^^^^^
   |
   = note: `EnumSpec` has a derived impl for the trait `Clone`, but this is intentionally ignored during dead code analysis

warning: fields `ident`, `attrs`, and `fields` are never read
  --> karte-ir-derive/src/spec.rs:36:9
   |
35 | pub struct VariantSpec {
   |            ----------- fields in this struct
36 |     pub ident: Ident,
   |         ^^^^^
37 |     pub attrs: AttributeConfig,
   |         ^^^^^
38 |     pub fields: VariantFields,
   |         ^^^^^^
   |
   = note: `VariantSpec` has a derived impl for the trait `Clone`, but this is intentionally ignored during dead code analysis

warning: method `token` is never used
  --> karte-ir-derive/src/spec.rs:42:12
   |
41 | impl VariantSpec {
   | ---------------- method in this implementation
42 |     pub fn token(&self) -> Option<&str> {
   |            ^^^^^

warning: field `0` is never read
  --> karte-ir-derive/src/spec.rs:49:11
   |
49 |     Named(Vec<FieldSpec>),
   |     ----- ^^^^^^^^^^^^^^
   |     |
   |     field in this variant
   |
   = note: `VariantFields` has a derived impl for the trait `Clone`, but this is intentionally ignored during dead code analysis
help: consider changing the field to be of unit type to suppress this warning while preserving the field numbering, or remove the field
   |
49 |     Named(()),
   |           ~~

warning: field `0` is never read
  --> karte-ir-derive/src/spec.rs:50:13
   |
50 |     Unnamed(Vec<FieldSpec>),
   |     ------- ^^^^^^^^^^^^^^
   |     |
   |     field in this variant
   |
   = note: `VariantFields` has a derived impl for the trait `Clone`, but this is intentionally ignored during dead code analysis
help: consider changing the field to be of unit type to suppress this warning while preserving the field numbering, or remove the field
   |
50 |     Unnamed(()),
   |             ~~

warning: field `0` is never read
  --> karte-ir-derive/src/spec.rs:57:13
   |
57 |     Unnamed(usize),
   |     ------- ^^^^^
   |     |
   |     field in this variant
   |
   = note: `FieldKind` has a derived impl for the trait `Clone`, but this is intentionally ignored during dead code analysis
help: consider changing the field to be of unit type to suppress this warning while preserving the field numbering, or remove the field
   |
57 |     Unnamed(()),
   |             ~~

warning: field `ty` is never read
  --> karte-ir-derive/src/spec.rs:63:9
   |
61 | pub struct FieldSpec {
   |            --------- field in this struct
62 |     pub kind: FieldKind,
63 |     pub ty: Type,
   |         ^^
   |
   = note: `FieldSpec` has a derived impl for the trait `Clone`, but this is intentionally ignored during dead code analysis

warning: methods `is_extra` and `index` are never used
  --> karte-ir-derive/src/spec.rs:77:12
   |
68 | impl FieldSpec {
   | -------------- methods in this implementation
...
77 |     pub fn is_extra(&self) -> bool {
   |            ^^^^^^^^
...
96 |     pub fn index(&self) -> Option<usize> {
   |            ^^^^^

   Compiling equivalent v1.0.2
   Compiling miette v5.10.0
   Compiling indexmap v2.12.0
warning: `karte-ir-derive` (lib) generated 9 warnings
   Compiling crossbeam-epoch v0.9.18
   Compiling ena v0.14.3
   Compiling crossbeam-deque v0.8.6
   Compiling lock_api v0.4.13
   Compiling regex-syntax v0.8.5
   Compiling parking_lot_core v0.9.11
   Compiling winnow v0.5.40
   Compiling toml_datetime v0.6.11
   Compiling karte-diagnostics v0.1.0 (/workspace/karte-diagnostics)
   Compiling syn v1.0.109
   Compiling karte-common v0.1.0 (/workspace/karte-common)
   Compiling karte-hir v0.1.0 (/workspace/karte-hir)
   Compiling toml_edit v0.19.15
   Compiling regex-automata v0.4.9
warning: variable `parse_failed` is assigned to, but never used
   --> karte-hir/src/type_checker.rs:634:29
    |
634 |                     let mut parse_failed = false;
    |                             ^^^^^^^^^^^^
    |
    = note: consider using `_parse_failed` instead
    = note: `#[warn(unused_variables)]` on by default

warning: value assigned to `parse_failed` is never read
   --> karte-hir/src/type_checker.rs:644:37
    |
644 | ...                   parse_failed = true;
    |                       ^^^^^^^^^^^^
    |
    = help: maybe it is overwritten before being read?
    = note: `#[warn(unused_assignments)]` on by default

warning: value assigned to `parse_failed` is never read
   --> karte-hir/src/type_checker.rs:661:33
    |
661 | ...                   parse_failed = true;
    |                       ^^^^^^^^^^^^
    |
    = help: maybe it is overwritten before being read?

   Compiling sys-info v0.9.1 (https://github.com/Pivot-Studio/sys-info-rs.git#e6ca257a)
   Compiling regex-syntax v0.6.29
warning: `karte-hir` (lib) generated 3 warnings
   Compiling beef v0.5.2
   Compiling fnv v1.0.7
   Compiling smallvec v1.15.1
   Compiling scopeguard v1.2.0
   Compiling regex v1.11.1
   Compiling logos-codegen v0.13.0
   Compiling proc-macro-crate v1.3.1
   Compiling cmake v0.1.54
   Compiling semver v1.0.27
   Compiling lazy_static v1.5.0
   Compiling parking_lot v0.12.4
   Compiling immix v0.2.0 (/workspace/karte-gc/immix)
   Compiling logos-derive v0.13.0
   Compiling num_cpus v1.17.0
   Compiling either v1.15.0
   Compiling windows_x86_64_gnu v0.48.5
   Compiling rayon-core v1.13.0
   Compiling anstyle v1.0.11
   Compiling anyhow v1.0.100
   Compiling logos v0.13.0
   Compiling threadpool v1.8.1
   Compiling karte-mir v0.1.0 (/workspace/karte-mir)
   Compiling num-traits v0.2.19
   Compiling int-enum-impl v0.5.0
   Compiling int-enum v0.5.0
   Compiling rustc-hash v1.1.0
   Compiling getrandom v0.3.3
   Compiling portable-atomic v1.11.1
   Compiling thiserror v2.0.17
   Compiling rustix v1.0.7
warning: unused doc comment
  --> karte-gc/immix/src/collector.rs:37:1
   |
37 | /// 当前线程的GC cycle编号
   | ^^^^^^^^^^^^^^^^^^^^^^^^^^ rustdoc does not generate documentation for macro invocations
   |
   = help: to document an item produced by a macro, the macro must produce the documentation as part of its expansion
   = note: `#[warn(unused_doc_comments)]` on by default

warning: unused variable: `return_type`
   --> karte-mir/src/lower/expr.rs:102:35
    |
102 |                 let (param_types, return_type) = match &function_type {
    |                                   ^^^^^^^^^^^ help: if this is intentional, prefix it with an underscore: `_return_type`
    |
    = note: `#[warn(unused_variables)]` on by default

warning: unused variable: `wrapper_entry`
   --> karte-mir/src/lower/expr.rs:132:21
    |
132 |                 let wrapper_entry = ctx.current_block();
    |                     ^^^^^^^^^^^^^ help: if this is intentional, prefix it with an underscore: `_wrapper_entry`

   Compiling karte-lexer v0.1.0 (/workspace/karte-lexer)
warning: field `temp_types` is never read
  --> karte-mir/src/lower/types.rs:94:16
   |
70 | pub struct LoweringContext<'a> {
   |            --------------- field in this struct
...
94 |     pub(crate) temp_types: HashMap<crate::TempId, karte_hir::Type>,
   |                ^^^^^^^^^^
   |
   = note: `#[warn(dead_code)]` on by default

   Compiling serde_spanned v0.6.9
   Compiling thiserror-impl v2.0.17
   Compiling half v2.6.0
   Compiling linux-raw-sys v0.9.4
warning: `immix` (lib) generated 1 warning
   Compiling winnow v0.7.13
   Compiling toml_write v0.1.2
   Compiling utf8parse v0.2.2
   Compiling clap_lex v0.7.5
   Compiling plotters-backend v0.3.7
   Compiling unicode-width v0.2.2
   Compiling bitflags v2.9.1
   Compiling ciborium-io v0.2.2
warning: `karte-mir` (lib) generated 3 warnings
   Compiling ciborium-ll v0.2.2
   Compiling console v0.15.11
   Compiling plotters-svg v0.3.7
   Compiling clap_builder v4.5.40
   Compiling toml_edit v0.22.27
   Compiling anstyle-parse v0.2.7
   Compiling karte-gc v0.1.0 (/workspace/karte-gc)
warning: unused doc comment
   --> karte-gc/src/lib.rs:173:1
    |
173 | / /// 注册虚拟栈区间作为 GC 根
174 | | ///
175 | | /// Karte 使用自己分配的虚拟栈（`Vec<i64>`），需要将整个栈区间注册为 GC 根。
176 | | ///
...   |
189 | | ///
190 | | /// 用于优化GC扫描：只扫描实际使用的栈区域，而不是整个64KB虚拟栈
    | |_---------------------------------------------------------------^
    |   |
    |   rustdoc does not generate documentation for macro invocations
    |
    = help: to document an item produced by a macro, the macro must produce the documentation as part of its expansion
    = note: `#[warn(unused_doc_comments)]` on by default

warning: unexpected `cfg` condition value: `llvm_stackmap`
  --> karte-gc/src/lib.rs:84:11
   |
84 |     #[cfg(feature = "llvm_stackmap")]
   |           ^^^^^^^^^^^^^^^^^^^^^^^^^ help: remove the condition
   |
   = note: no expected values for `feature`
   = help: consider adding `llvm_stackmap` as a feature in `Cargo.toml`
   = note: see <https://doc.rust-lang.org/nightly/rustc/check-cfg/cargo-specifics.html> for more information about checking conditional configuration
   = note: `#[warn(unexpected_cfgs)]` on by default

warning: `karte-gc` (lib) generated 2 warnings
   Compiling windows-targets v0.48.5
   Compiling rayon v1.11.0
   Compiling karte-lir v0.1.0 (/workspace/karte-lir)
warning: unused imports: `AllocationType`, `LabelId`, `LirFunction`, `StructField`, `StructLayout`, and `tagged_union::TaggedUnionManager`
 --> karte-lir/src/lower.rs:2:5
  |
2 |     tagged_union::TaggedUnionManager, AllocationType, Instruction, LabelId, LirFunction,
  |     ^^^^^^^^^^^^^^^^^^^^^^^^^^^^^^^^  ^^^^^^^^^^^^^^               ^^^^^^^  ^^^^^^^^^^^
3 |     LirProgram, Operand, Register, StructField, StructLayout,
  |                                    ^^^^^^^^^^^  ^^^^^^^^^^^^
  |
  = note: `#[warn(unused_imports)]` on by default

warning: unused imports: `BasicBlockId`, `BinaryOperator`, `Statement`, `TempId`, `Terminator`, and `UnaryOperator`
 --> karte-lir/src/lower.rs:6:5
  |
6 |     BasicBlockId, BinaryOperator, MirProgram, Statement, TempId, Terminator, UnaryOperator, Value,
  |     ^^^^^^^^^^^^  ^^^^^^^^^^^^^^              ^^^^^^^^^  ^^^^^^  ^^^^^^^^^^  ^^^^^^^^^^^^^

warning: unused import: `std::collections::hash_map::DefaultHasher`
 --> karte-lir/src/lower.rs:8:5
  |
8 | use std::collections::hash_map::DefaultHasher;
  |     ^^^^^^^^^^^^^^^^^^^^^^^^^^^^^^^^^^^^^^^^^

warning: unused imports: `Hash` and `Hasher`
  --> karte-lir/src/lower.rs:10:17
   |
10 | use std::hash::{Hash, Hasher};
   |                 ^^^^  ^^^^^^

warning: unused imports: `collect_function_names_from_statement` and `collect_function_names_from_value`
 --> karte-lir/src/lower/memory.rs:6:5
  |
6 |     collect_function_names_from_statement, collect_function_names_from_value, value_to_key,
  |     ^^^^^^^^^^^^^^^^^^^^^^^^^^^^^^^^^^^^^  ^^^^^^^^^^^^^^^^^^^^^^^^^^^^^^^^^

warning: unused import: `MirFunction`
  --> karte-lir/src/lower/memory.rs:10:17
   |
10 | use karte_mir::{MirFunction, Statement, TempId, Terminator, Value};
   |                 ^^^^^^^^^^^

warning: unused import: `AnalysisPass`
  --> karte-lir/src/pass/block_layout_pass.rs:20:30
   |
20 | use super::{AnalysisManager, AnalysisPass, FunctionPass, PassResult};
   |                              ^^^^^^^^^^^^

warning: unused import: `std::collections::HashMap`
  --> karte-lir/src/pass/effect_lowering_pass.rs:13:5
   |
13 | use std::collections::HashMap;
   |     ^^^^^^^^^^^^^^^^^^^^^^^^^

warning: unused import: `LabelId`
  --> karte-lir/src/pass/explicit_jump_pass.rs:18:26
   |
18 | use crate::{Instruction, LabelId, LirFunction};
   |                          ^^^^^^^

warning: private item shadows public glob re-export
  --> karte-lir/src/pass/register_allocation/mod.rs:12:40
   |
12 | use karte_common::calling_convention::{CallingConvention, PhysicalRegister};
   |                                        ^^^^^^^^^^^^^^^^^
   |
note: the name `CallingConvention` in the type namespace is supposed to be publicly re-exported here
  --> karte-lir/src/pass/register_allocation/mod.rs:8:9
   |
8  | pub use types::*;
   |         ^^^^^^^^
note: but the private item here shadows it
  --> karte-lir/src/pass/register_allocation/mod.rs:12:40
   |
12 | use karte_common::calling_convention::{CallingConvention, PhysicalRegister};
   |                                        ^^^^^^^^^^^^^^^^^
   = note: `#[warn(hidden_glob_reexports)]` on by default

warning: unused import: `ControlFlowNode`
  --> karte-lir/src/pass/ssa_construction.rs:15:41
   |
15 | use super::analysis::{ControlFlowGraph, ControlFlowNode};
   |                                         ^^^^^^^^^^^^^^^

   Compiling karte-parser v0.1.0 (/workspace/karte-parser)
   Compiling itertools v0.10.5
   Compiling cast v0.3.0
   Compiling same-file v1.0.6
   Compiling colorchoice v1.0.4
   Compiling anstyle-query v1.1.3
   Compiling fastrand v2.3.0
   Compiling number_prefix v0.4.0
   Compiling is_terminal_polyfill v1.70.1
   Compiling anstream v0.6.19
   Compiling tempfile v3.20.0
   Compiling criterion-plot v0.5.0
   Compiling indicatif v0.17.11
   Compiling walkdir v2.5.0
   Compiling plotters v0.3.7
   Compiling toml v0.8.23
warning: unused variable: `cfg`
   --> karte-lir/src/pass/analysis.rs:764:9
    |
764 |         cfg: &ControlFlowGraph,
    |         ^^^ help: if this is intentional, prefix it with an underscore: `_cfg`
    |
    = note: `#[warn(unused_variables)]` on by default

warning: unused variable: `pred_end`
  --> karte-lir/src/pass/block_layout_pass.rs:71:33
   |
71 |                         let (_, pred_end) = pred_node.instruction_range;
   |                                 ^^^^^^^^ help: if this is intentional, prefix it with an underscore: `_pred_end`

warning: unused variable: `function`
  --> karte-lir/src/pass/effect_lowering_pass.rs:81:9
   |
81 |         function: &mut LirFunction,
   |         ^^^^^^^^ help: if this is intentional, prefix it with an underscore: `_function`

warning: unused variable: `padding`
   --> karte-lir/src/pass/instruction_lowering_pass.rs:127:13
    |
127 |         let padding = aligned_size - total_size;
    |             ^^^^^^^ help: if this is intentional, prefix it with an underscore: `_padding`

warning: variable does not need to be mutable
   --> karte-lir/src/pass/peephole_optimization_pass.rs:267:13
    |
267 |         let mut insert_pos = start;
    |             ----^^^^^^^^^^
    |             |
    |             help: remove this `mut`
    |
    = note: `#[warn(unused_mut)]` on by default

   Compiling clap v4.5.40
   Compiling windows-sys v0.48.0
warning: unused variable: `virtual_reg`
    --> karte-lir/src/pass/register_allocation/mod.rs:1095:14
     |
1095 |         for (virtual_reg, target) in allocation_map {
     |              ^^^^^^^^^^^ help: if this is intentional, prefix it with an underscore: `_virtual_reg`

warning: unused variable: `function`
    --> karte-lir/src/pass/register_allocation/mod.rs:1089:9
     |
1089 |         function: &LirFunction,
     |         ^^^^^^^^ help: if this is intentional, prefix it with an underscore: `_function`

   Compiling karte-rt v0.1.0 (/workspace/karte-rt)
warning: unused import: `gc_alloc_no_collect`
 --> karte-rt/src/ffi.rs:8:26
  |
8 | use karte_gc::{gc_alloc, gc_alloc_no_collect, gc_safepoint, ObjectType};
  |                          ^^^^^^^^^^^^^^^^^^^
  |
  = note: `#[warn(unused_imports)]` on by default

warning: method `build_id_to_index_map` is never used
  --> karte-lir/src/pass/analysis.rs:57:8
   |
37 | impl ControlFlowGraph {
   | --------------------- method in this implementation
...
57 |     fn build_id_to_index_map(&mut self) {
   |        ^^^^^^^^^^^^^^^^^^^^^
   |
   = note: `#[warn(dead_code)]` on by default

warning: field `next_register` is never read
  --> karte-lir/src/pass/instruction_lowering_pass.rs:31:5
   |
21 | pub struct InstructionLoweringPass {
   |            ----------------------- field in this struct
...
31 |     next_register: usize,
   |     ^^^^^^^^^^^^^
   |
   = note: `InstructionLoweringPass` has a derived impl for the trait `Debug`, but this is intentionally ignored during dead code analysis

warning: methods `new_register` and `effect_payload_register` are never used
   --> karte-lir/src/pass/instruction_lowering_pass.rs:167:8
    |
34  | impl InstructionLoweringPass {
    | ---------------------------- methods in this implementation
...
167 |     fn new_register(&mut self) -> Register {
    |        ^^^^^^^^^^^^
...
178 |     fn effect_payload_register(&self) -> Register {
    |        ^^^^^^^^^^^^^^^^^^^^^^^

warning: method `save_lifetime_analysis_to_function` is never used
   --> karte-lir/src/pass/pass_manager.rs:464:8
    |
56  | impl PassManager {
    | ---------------- method in this implementation
...
464 |     fn save_lifetime_analysis_to_function(&self, function: &mut LirFunction) {
    |        ^^^^^^^^^^^^^^^^^^^^^^^^^^^^^^^^^^

warning: method `refine_end_with_liveness` is never used
   --> karte-lir/src/pass/register_allocation/lifetime_analysis.rs:489:8
    |
29  | impl LifetimeAnalyzer {
    | --------------------- method in this implementation
...
489 |     fn refine_end_with_liveness(
    |        ^^^^^^^^^^^^^^^^^^^^^^^^

warning: field `calling_convention` is never read
  --> karte-lir/src/pass/stack_frame_layout.rs:26:5
   |
19 | struct LinearScanAllocator {
   |        ------------------- field in this struct
...
26 |     calling_convention: CallingConvention,
   |     ^^^^^^^^^^^^^^^^^^
   |
   = note: `LinearScanAllocator` has derived impls for the traits `Default` and `Debug`, but these are intentionally ignored during dead code analysis

   Compiling karte-escape-analysis v0.1.0 (/workspace/karte-escape-analysis)
warning: unused import: `EscapeAnalysisError`
 --> karte-escape-analysis/src/analyzer.rs:4:20
  |
4 | use crate::error::{EscapeAnalysisError, Result};
  |                    ^^^^^^^^^^^^^^^^^^^
  |
  = note: `#[warn(unused_imports)]` on by default

warning: unused import: `DependencyEdge`
 --> karte-escape-analysis/src/analyzer.rs:5:20
  |
5 | use crate::graph::{DependencyEdge, VariableGraph};
  |                    ^^^^^^^^^^^^^^

warning: unused import: `LifetimeConstraint`
 --> karte-escape-analysis/src/analyzer.rs:7:65
  |
7 |     AllocationSuggestion, EscapePoint, EscapeState, FunctionId, LifetimeConstraint,
  |                                                                 ^^^^^^^^^^^^^^^^^^

warning: unused import: `warn`
  --> karte-escape-analysis/src/analyzer.rs:12:31
   |
12 | use log::{debug, info, trace, warn};
   |                               ^^^^

warning: unused imports: `ParameterTag` and `ReturnSource`
   --> karte-escape-analysis/src/analyzer.rs:761:56
    |
761 |         use crate::function_summary::{FunctionSummary, ParameterTag, ReturnSource};
    |                                                        ^^^^^^^^^^^^  ^^^^^^^^^^^^

warning: unused import: `VecDeque`
 --> karte-escape-analysis/src/call_graph.rs:7:42
  |
7 | use std::collections::{HashMap, HashSet, VecDeque};
  |                                          ^^^^^^^^

warning: unused import: `TempId`
 --> karte-escape-analysis/src/escape_point_detector.rs:6:28
  |
6 | use karte_mir::{Statement, TempId, Terminator, Value};
  |                            ^^^^^^

warning: unused import: `EscapeAnalysisError`
 --> karte-escape-analysis/src/graph.rs:5:20
  |
5 | use crate::error::{EscapeAnalysisError, Result};
  |                    ^^^^^^^^^^^^^^^^^^^

warning: unused import: `crate::error::Result`
 --> karte-escape-analysis/src/pointer_usage_analyzer.rs:5:5
  |
5 | use crate::error::Result;
  |     ^^^^^^^^^^^^^^^^^^^^

warning: unused import: `BasicBlockId`
 --> karte-escape-analysis/src/pointer_usage_analyzer.rs:8:17
  |
8 | use karte_mir::{BasicBlockId, MirFunction};
  |                 ^^^^^^^^^^^^

warning: `karte-rt` (lib) generated 1 warning (run `cargo fix --lib -p karte-rt` to apply 1 suggestion)
   Compiling ciborium v0.2.2
   Compiling env_filter v0.1.3
warning: unused variable: `var_id`
   --> karte-escape-analysis/src/allocation_strategy.rs:224:14
    |
224 |         for (var_id, escape_info) in &self.escape_analysis {
    |              ^^^^^^ help: if this is intentional, prefix it with an underscore: `_var_id`
    |
    = note: `#[warn(unused_variables)]` on by default

warning: unreachable pattern
   --> karte-escape-analysis/src/analyzer.rs:466:13
    |
204 |               Statement::Assign { target, source, .. } => {
    |               ---------------------------------------- matches all the relevant values
...
466 | /             Statement::Assign {
467 | |                 source: Value::Closure {
468 | |                     captured_values, ..
469 | |                 },
470 | |                 ..
471 | |             } => {
    | |_____________^ no value can reach this
    |
    = note: `#[warn(unreachable_patterns)]` on by default

warning: method `is_heap_allocated` is never used
   --> karte-escape-analysis/src/analyzer.rs:983:8
    |
36  | impl EscapeAnalyzer {
    | ------------------- method in this implementation
...
983 |     fn is_heap_allocated(&self, var_id: VariableId) -> bool {
    |        ^^^^^^^^^^^^^^^^^
    |
    = note: `#[warn(dead_code)]` on by default

warning: field `escape_info` is never read
  --> karte-escape-analysis/src/instruction_generator.rs:12:5
   |
10 | pub struct InstructionGenerator {
   |            -------------------- field in this struct
11 |     /// 逃逸分析结果
12 |     escape_info: HashMap<VariableId, VariableEscapeInfo>,
   |     ^^^^^^^^^^^

   Compiling tinytemplate v1.2.1
   Compiling tokio-macros v2.5.0
   Compiling socket2 v0.5.10
   Compiling mio v1.0.4
   Compiling signal-hook-registry v1.4.5
warning: `karte-escape-analysis` (lib) generated 14 warnings (run `cargo fix --lib -p karte-escape-analysis` to apply 10 suggestions)
   Compiling pin-project-lite v0.2.16
   Compiling oorandom v11.1.5
   Compiling jiff v0.2.15
   Compiling bytes v1.10.1
   Compiling anes v0.1.6
   Compiling criterion v0.5.1
   Compiling tokio v1.45.1
warning: `karte-lir` (lib) generated 24 warnings (run `cargo fix --lib -p karte-lir` to apply 11 suggestions)
   Compiling env_logger v0.11.8
   Compiling karte-module-system v0.1.0 (/workspace/karte-module-system)
warning: unused import: `Span`
 --> karte-module-system/src/project.rs:8:40
  |
8 | use karte_diagnostics::{DiagnosticBag, Span};
  |                                        ^^^^
  |
  = note: `#[warn(unused_imports)]` on by default

warning: unused variable: `optimization_level`
   --> karte-module-system/src/project.rs:231:5
    |
231 |     optimization_level: OptimizationLevel,
    |     ^^^^^^^^^^^^^^^^^^ help: if this is intentional, prefix it with an underscore: `_optimization_level`
    |
    = note: `#[warn(unused_variables)]` on by default

   Compiling karte-codegen v0.1.0 (/workspace/karte-codegen)
warning: unused import: `warn`
 --> karte-codegen/src/vm/professional_executor/execution_engine.rs:8:17
  |
8 | use log::{info, warn};
  |                 ^^^^
  |
  = note: `#[warn(unused_imports)]` on by default

warning: unused variable: `element_size`
   --> karte-codegen/src/vm/professional_executor/execution_engine.rs:524:17
    |
524 |             let element_size = std::mem::size_of::<i64>();
    |                 ^^^^^^^^^^^^ help: if this is intentional, prefix it with an underscore: `_element_size`
    |
    = note: `#[warn(unused_variables)]` on by default

warning: unused variable: `debug_mode`
  --> karte-codegen/src/vm/professional_executor/jit/aarch64_compiler.rs:73:16
   |
73 |     pub fn new(debug_mode: bool) -> Result<Self, String> {
   |                ^^^^^^^^^^ help: if this is intentional, prefix it with an underscore: `_debug_mode`

warning: unused variable: `base_register`
   --> karte-codegen/src/vm/professional_executor/jit/code_buffer.rs:319:48
    |
319 |     pub fn emit_store_label_address(&mut self, base_register: u8, offset: i64, target_label: &str) {
    |                                                ^^^^^^^^^^^^^ help: if this is intentional, prefix it with an underscore: `_base_register`

warning: unused variable: `offset`
   --> karte-codegen/src/vm/professional_executor/jit/code_buffer.rs:319:67
    |
319 |     pub fn emit_store_label_address(&mut self, base_register: u8, offset: i64, target_label: &str) {
    |                                                                   ^^^^^^ help: if this is intentional, prefix it with an underscore: `_offset`

warning: unused variable: `dst_register`
   --> karte-codegen/src/vm/professional_executor/jit/code_buffer.rs:530:38
    |
530 |                 AdrPatchType::Adrp { dst_register } => {
    |                                      ^^^^^^^^^^^^ help: try ignoring the field: `dst_register: _`

warning: unused variable: `dst_register`
   --> karte-codegen/src/vm/professional_executor/jit/code_buffer.rs:585:42
    |
585 |                 AdrPatchType::AddLabel { dst_register } => {
    |                                          ^^^^^^^^^^^^ help: try ignoring the field: `dst_register: _`

warning: unused variable: `base_register`
   --> karte-codegen/src/vm/professional_executor/jit/code_buffer.rs:625:21
    |
625 |                     base_register,
    |                     ^^^^^^^^^^^^^ help: try ignoring the field: `base_register: _`

warning: unused variable: `offset`
   --> karte-codegen/src/vm/professional_executor/jit/code_buffer.rs:626:21
    |
626 |                     offset,
    |                     ^^^^^^ help: try ignoring the field: `offset: _`

warning: unused variable: `entry_point`
   --> karte-codegen/src/vm/professional_executor/jit/compiler_trait.rs:105:55
    |
105 |     pub fn new(name: String, code: MachineCodeBuffer, entry_point: usize) -> Self {
    |                                                       ^^^^^^^^^^^ help: if this is intentional, prefix it with an underscore: `_entry_point`

warning: unused variable: `debug_mode`
  --> karte-codegen/src/vm/professional_executor/jit/x86_compiler.rs:33:16
   |
33 |     pub fn new(debug_mode: bool) -> Result<Self, String> {
   |                ^^^^^^^^^^ help: if this is intentional, prefix it with an underscore: `_debug_mode`

warning: unused variable: `karte_virtual_sp_reg`
    --> karte-codegen/src/vm/professional_executor/jit/x86_compiler.rs:1170:13
     |
1170 |         let karte_virtual_sp_reg = self.vm_calling_convention.stack_pointer;
     |             ^^^^^^^^^^^^^^^^^^^^ help: if this is intentional, prefix it with an underscore: `_karte_virtual_sp_reg`

warning: unused variable: `label`
    --> karte-codegen/src/vm/professional_executor/jit/x86_compiler.rs:1532:77
     |
1532 |     fn emit_lea_reg_rip_rel(&self, code_builder: &mut CodeBuilder, dst: u8, label: &str) {
     |                                                                             ^^^^^ help: if this is intentional, prefix it with an underscore: `_label`

warning: methods `emit_and_reg_reg`, `emit_stp_pre_index`, `emit_ldp_post_index`, `load_and_pop_return_slot_pointer`, `emit_store_return_value_to_slot`, and `next_label` are never used
    --> karte-codegen/src/vm/professional_executor/jit/aarch64_compiler.rs:1340:8
     |
71   | impl AArch64Compiler {
     | -------------------- methods in this implementation
...
1340 |     fn emit_and_reg_reg(&self, code_builder: &mut CodeBuilder, dst: u8, src1: u8, src2: u8) {
     |        ^^^^^^^^^^^^^^^^
...
1467 |     fn emit_stp_pre_index(
     |        ^^^^^^^^^^^^^^^^^^
...
1530 |     fn emit_ldp_post_index(
     |        ^^^^^^^^^^^^^^^^^^^
...
1994 |     fn load_and_pop_return_slot_pointer(&self, code_builder: &mut CodeBuilder, dst: u8) {
     |        ^^^^^^^^^^^^^^^^^^^^^^^^^^^^^^^^
...
2005 |     fn emit_store_return_value_to_slot(&self, code_builder: &mut CodeBuilder, slot_reg: u8) {
     |        ^^^^^^^^^^^^^^^^^^^^^^^^^^^^^^^
...
2013 |     fn next_label(&mut self, prefix: &str) -> String {
     |        ^^^^^^^^^^
     |
     = note: `#[warn(dead_code)]` on by default

warning: function `align_to` is never used
    --> karte-codegen/src/vm/professional_executor/jit/aarch64_compiler.rs:2327:4
     |
2327 | fn align_to(value: usize, alignment: usize) -> usize {
     |    ^^^^^^^^

warning: function `read_u32_at` is never used
    --> karte-codegen/src/vm/professional_executor/jit/code_buffer.rs:1219:11
     |
1219 | unsafe fn read_u32_at(ptr: *mut u8, offset: usize) -> u32 {
     |           ^^^^^^^^^^^

warning: function `write_u32_at` is never used
    --> karte-codegen/src/vm/professional_executor/jit/code_buffer.rs:1225:11
     |
1225 | unsafe fn write_u32_at(ptr: *mut u8, offset: usize, value: u32) {
     |           ^^^^^^^^^^^^

warning: fields `name` and `entry_offset` are never read
  --> karte-codegen/src/vm/professional_executor/jit/memory_manager.rs:41:5
   |
39 | struct FunctionBlock {
   |        ------------- fields in this struct
40 |     /// 函数名
41 |     name: String,
   |     ^^^^
...
47 |     entry_offset: usize,
   |     ^^^^^^^^^^^^
   |
   = note: `FunctionBlock` has derived impls for the traits `Clone` and `Debug`, but these are intentionally ignored during dead code analysis

warning: methods `emit_lea_reg_rip_rel` and `next_label` are never used
    --> karte-codegen/src/vm/professional_executor/jit/x86_compiler.rs:1532:8
     |
279  | impl X86Compiler {
     | ---------------- methods in this implementation
...
1532 |     fn emit_lea_reg_rip_rel(&self, code_builder: &mut CodeBuilder, dst: u8, label: &str) {
     |        ^^^^^^^^^^^^^^^^^^^^
...
1550 |     fn next_label(&mut self, prefix: &str) -> String {
     |        ^^^^^^^^^^

warning: methods `save_return_slot_pointer`, `load_and_pop_return_slot_pointer`, and `emit_store_return_value_to_slot` are never used
    --> karte-codegen/src/vm/professional_executor/jit/x86_compiler.rs:1909:8
     |
1707 | impl X86Compiler {
     | ---------------- methods in this implementation
...
1909 |     fn save_return_slot_pointer(&self, code_builder: &mut CodeBuilder) {
     |        ^^^^^^^^^^^^^^^^^^^^^^^^
...
1918 |     fn load_and_pop_return_slot_pointer(&self, code_builder: &mut CodeBuilder, dst: u8) {
     |        ^^^^^^^^^^^^^^^^^^^^^^^^^^^^^^^^
...
1925 |     fn emit_store_return_value_to_slot(&self, code_builder: &mut CodeBuilder, slot_reg: u8) {
     |        ^^^^^^^^^^^^^^^^^^^^^^^^^^^^^^^

warning: function `align_to` is never used
    --> karte-codegen/src/vm/professional_executor/jit/x86_compiler.rs:1991:4
     |
1991 | fn align_to(value: usize, alignment: usize) -> usize {
     |    ^^^^^^^^

   Compiling karte-tests v0.1.0 (/workspace/karte-tests)
warning: unused import: `karte_lexer::Lexer`
 --> karte-tests/src/escape_analysis_tests.rs:9:5
  |
9 | use karte_lexer::Lexer;
  |     ^^^^^^^^^^^^^^^^^^
  |
help: if this is a test module, consider adding a `#[cfg(test)]` to the containing module
 --> karte-tests/src/lib.rs:7:1
  |
7 | pub mod escape_analysis_tests;
  | ^^^^^^^^^^^^^^^^^^^^^^^^^^^^^^
  = note: `#[warn(unused_imports)]` on by default

warning: unused import: `karte_lir::OptimizationLevel`
  --> karte-tests/src/escape_analysis_tests.rs:10:5
   |
10 | use karte_lir::OptimizationLevel;
   |     ^^^^^^^^^^^^^^^^^^^^^^^^^^^^
   |
help: if this is a test module, consider adding a `#[cfg(test)]` to the containing module
  --> karte-tests/src/lib.rs:7:1
   |
7  | pub mod escape_analysis_tests;
   | ^^^^^^^^^^^^^^^^^^^^^^^^^^^^^^

warning: unused imports: `LoweringOptions` and `lower_expr_to_mir_with_options`
  --> karte-tests/src/escape_analysis_tests.rs:11:24
   |
11 | use karte_mir::lower::{lower_expr_to_mir_with_options, LoweringOptions};
   |                        ^^^^^^^^^^^^^^^^^^^^^^^^^^^^^^  ^^^^^^^^^^^^^^^
   |
help: if this is a test module, consider adding a `#[cfg(test)]` to the containing module
  --> karte-tests/src/lib.rs:7:1
   |
7  | pub mod escape_analysis_tests;
   | ^^^^^^^^^^^^^^^^^^^^^^^^^^^^^^

warning: unused imports: `lower_mir_to_final_lir` and `optimize_mir_with_escape_analysis`
  --> karte-tests/src/escape_analysis_tests.rs:12:27
   |
12 | use karte_module_system::{lower_mir_to_final_lir, optimize_mir_with_escape_analysis};
   |                           ^^^^^^^^^^^^^^^^^^^^^^  ^^^^^^^^^^^^^^^^^^^^^^^^^^^^^^^^^
   |
help: if this is a test module, consider adding a `#[cfg(test)]` to the containing module
  --> karte-tests/src/lib.rs:7:1
   |
7  | pub mod escape_analysis_tests;
   | ^^^^^^^^^^^^^^^^^^^^^^^^^^^^^^

warning: unused imports: `ParserMode` and `parse_with_type_check`
  --> karte-tests/src/escape_analysis_tests.rs:13:20
   |
13 | use karte_parser::{parse_with_type_check, ParserMode};
   |                    ^^^^^^^^^^^^^^^^^^^^^  ^^^^^^^^^^
   |
help: if this is a test module, consider adding a `#[cfg(test)]` to the containing module
  --> karte-tests/src/lib.rs:7:1
   |
7  | pub mod escape_analysis_tests;
   | ^^^^^^^^^^^^^^^^^^^^^^^^^^^^^^

warning: unused import: `std::collections::HashSet`
  --> karte-tests/src/escape_analysis_tests.rs:14:5
   |
14 | use std::collections::HashSet;
   |     ^^^^^^^^^^^^^^^^^^^^^^^^^
   |
help: if this is a test module, consider adding a `#[cfg(test)]` to the containing module
  --> karte-tests/src/lib.rs:7:1
   |
7  | pub mod escape_analysis_tests;
   | ^^^^^^^^^^^^^^^^^^^^^^^^^^^^^^

warning: unused import: `log::info`
  --> karte-tests/src/lib.rs:21:5
   |
21 | use log::info;
   |     ^^^^^^^^^

warning: `karte-tests` (lib) generated 7 warnings (run `cargo fix --lib -p karte-tests` to apply 7 suggestions)
warning: `karte-codegen` (lib) generated 21 warnings (run `cargo fix --lib -p karte-codegen` to apply 1 suggestion)
warning: `karte-module-system` (lib) generated 2 warnings (run `cargo fix --lib -p karte-module-system` to apply 1 suggestion)
warning: unused import: `log::info`
  --> karte-tests/src/lib.rs:21:5
   |
21 | use log::info;
   |     ^^^^^^^^^
   |
   = note: `#[warn(unused_imports)]` on by default

warning: `karte-tests` (lib test) generated 1 warning (run `cargo fix --lib -p karte-tests --tests` to apply 1 suggestion)
    Finished `test` profile [unoptimized + debuginfo] target(s) in 32.76s
     Running unittests src/lib.rs (target/debug/deps/karte_tests-e8dfaa338a227991)

running 239 tests
test assignment_integration_tests::assignment_integration_tests::test_assignment_precedence ... ok
test assignment_integration_tests::assignment_integration_tests::test_chained_assignment_parsing ... ok
test assignment_integration_tests::assignment_integration_tests::test_field_assignment_parsing ... ok
test assignment_integration_tests::assignment_integration_tests::test_simple_assignment_parsing ... ok
test assignment_integration_tests::assignment_integration_tests::test_assignment_mir_lowering ... ok
test assignment_integration_tests::assignment_integration_tests::test_assignment_type_checking ... ok
test cli_integration_tests::cli_tests::test_closure_as_higher_order_param ... ok
test cli_integration_tests::cli_tests::test_compile_and_run_project_mode ... ok
test cli_integration_tests::cli_tests::test_escape_after_deep_stack_usage ... ok
test cli_integration_tests::cli_tests::test_function_as_value ... ok
test cli_integration_tests::cli_tests::test_allocate_many_stack_refs ... ok
error: test failed, to rerun pass `-p karte-tests --lib`

Caused by:
  process didn't exit successfully: `/workspace/target/debug/deps/karte_tests-e8dfaa338a227991` (signal: 11, SIGSEGV: invalid memory reference)
   Doc-tests karte_tests

running 0 tests

test result: ok. 0 passed; 0 failed; 0 ignored; 0 measured; 0 filtered out; finished in 0.00s

error: 1 target failed:
    `-p karte-tests --lib`
